[33mcommit fcc69669e58eba1b37eff33f0f156f3de92c3acb[m
Author: ShivarajRH <mrshivaraj123@gmail.com>
Date:   Wed Jun 28 12:21:39 2017 +0530

    minor changes

[33mcommit ac371d219f817085ac7040da5a57e2aa1fc6f0a1[m
Author: ShivarajRH <mrshivaraj123@gmail.com>
Date:   Wed Jun 28 10:11:44 2017 +0530

    Laravel 5.4 from scrach tutorial code changes

[33mcommit cacfdfc2a01ddf9156630bf38faae24ea0e57116[m
Author: ShivarajRH <mrshivaraj123@gmail.com>
Date:   Fri Jun 9 18:30:24 2017 +0530

    Local laravel - blog2 code changes adding for first sync
    
    All practice laravel code changes adding to remove git repository

[33mcommit 97dfc9d5e2758f8cf667403474ff21bb86db7775[m
Author: Shivaraj RH <mrshivaraj123@gmail.com>
Date:   Fri Jun 9 18:16:46 2017 +0530

    To merge with local project
    
    to resolve conflict error

[33mcommit b5121861c9615ad15bdbba5d8082b546969d2d12[m
Author: Shivaraj RH <mrshivaraj123@gmail.com>
Date:   Fri Jun 9 18:02:30 2017 +0530

    Initial commit
===========================================

User@SMIT-BLR-017 MINGW64 /
$ cd ~/Homestead

User@SMIT-BLR-017 MINGW64 ~/Homestead (master)
$ vagrant up
Bringing machine 'homestead-7' up with 'virtualbox' provider...
==> homestead-7: Checking if box 'laravel/homestead' is up to date...
==> homestead-7: There was a problem while downloading the metadata for your box
==> homestead-7: to check for updates. This is not an error, since it is usually                                                                                                                                                                                                due
==> homestead-7: to temporary network problems. This is just a warning. The prob                                                                                                                                                                                               lem
==> homestead-7: encountered was:
==> homestead-7:
==> homestead-7: The requested URL returned error: 404 Not Found
==> homestead-7:
==> homestead-7: If you want to check for box updates, verify your network conne                                                                                                                                                                                               ction
==> homestead-7: is valid and try again.
==> homestead-7: Clearing any previously set forwarded ports...
==> homestead-7: Clearing any previously set network interfaces...
==> homestead-7: Preparing network interfaces based on configuration...
    homestead-7: Adapter 1: nat
    homestead-7: Adapter 2: hostonly
==> homestead-7: Forwarding ports...
    homestead-7: 80 (guest) => 8000 (host) (adapter 1)
    homestead-7: 443 (guest) => 44300 (host) (adapter 1)
    homestead-7: 3306 (guest) => 33060 (host) (adapter 1)
    homestead-7: 4040 (guest) => 4040 (host) (adapter 1)
    homestead-7: 5432 (guest) => 54320 (host) (adapter 1)
    homestead-7: 8025 (guest) => 8025 (host) (adapter 1)
    homestead-7: 27017 (guest) => 27017 (host) (adapter 1)
    homestead-7: 22 (guest) => 2222 (host) (adapter 1)
==> homestead-7: Running 'pre-boot' VM customizations...
==> homestead-7: Booting VM...
==> homestead-7: Waiting for machine to boot. This may take a few minutes...
    homestead-7: SSH address: 127.0.0.1:2222
    homestead-7: SSH username: vagrant
    homestead-7: SSH auth method: private key
==> homestead-7: Machine booted and ready!
==> homestead-7: Checking for guest additions in VM...
    homestead-7: The guest additions on this VM do not match the installed version of
    homestead-7: VirtualBox! In most cases this is fine, but in rare cases it can
    homestead-7: prevent things such as shared folders from working properly. If you see
    homestead-7: shared folder errors, please make sure the guest additions within the
    homestead-7: virtual machine match the version of VirtualBox you have installed on
    homestead-7: your host and reload your VM.
    homestead-7:
    homestead-7: Guest Additions Version: 5.0.18_Ubuntu r106667
    homestead-7: VirtualBox Version: 5.1
==> homestead-7: Setting hostname...
==> homestead-7: Configuring and enabling network interfaces...
==> homestead-7: Mounting shared folders...
    homestead-7: /vagrant => C:/Users/User/Homestead
    homestead-7: /home/vagrant/Code => D:/Code
    homestead-7: /home/vagrant/Code/phpmyadmin => D:/Code/phpmyadmin
==> homestead-7: Machine already provisioned. Run `vagrant provision` or use the `--provision`
==> homestead-7: flag to force provisioning. Provisioners marked to run always will still run.

User@SMIT-BLR-017 MINGW64 ~/Homestead (master)
$ vagrant ssh
Welcome to Ubuntu 16.04.3 LTS (GNU/Linux 4.4.0-101-generic x86_64)

 * Documentation:  https://help.ubuntu.com
 * Management:     https://landscape.canonical.com
 * Support:        https://ubuntu.com/advantage

172 packages can be updated.
64 updates are security updates.


Last login: Fri Feb  9 04:01:36 2018 from 10.0.2.2
vagrant@homestead:~$ cd /home/vagrant/Code/blog-laravel
vagrant@homestead:~/Code/blog-laravel$ exit
logout
Connection to 127.0.0.1 closed.

User@SMIT-BLR-017 MINGW64 ~/Homestead (master)
$ vagrant reload
==> homestead-7: Attempting graceful shutdown of VM...
==> homestead-7: Checking if box 'laravel/homestead' is up to date...
==> homestead-7: There was a problem while downloading the metadata for your box
==> homestead-7: to check for updates. This is not an error, since it is usually due
==> homestead-7: to temporary network problems. This is just a warning. The problem
==> homestead-7: encountered was:
==> homestead-7:
==> homestead-7: The requested URL returned error: 404 Not Found
==> homestead-7:
==> homestead-7: If you want to check for box updates, verify your network connection
==> homestead-7: is valid and try again.
==> homestead-7: Clearing any previously set forwarded ports...
==> homestead-7: Clearing any previously set network interfaces...
==> homestead-7: Preparing network interfaces based on configuration...
    homestead-7: Adapter 1: nat
    homestead-7: Adapter 2: hostonly
==> homestead-7: Forwarding ports...
    homestead-7: 80 (guest) => 8000 (host) (adapter 1)
    homestead-7: 443 (guest) => 44300 (host) (adapter 1)
    homestead-7: 3306 (guest) => 33060 (host) (adapter 1)
    homestead-7: 4040 (guest) => 4040 (host) (adapter 1)
    homestead-7: 5432 (guest) => 54320 (host) (adapter 1)
    homestead-7: 8025 (guest) => 8025 (host) (adapter 1)
    homestead-7: 27017 (guest) => 27017 (host) (adapter 1)
    homestead-7: 22 (guest) => 2222 (host) (adapter 1)
==> homestead-7: Running 'pre-boot' VM customizations...
==> homestead-7: Booting VM...
==> homestead-7: Waiting for machine to boot. This may take a few minutes...
    homestead-7: SSH address: 127.0.0.1:2222
    homestead-7: SSH username: vagrant
    homestead-7: SSH auth method: private key
    homestead-7: Warning: Connection reset. Retrying...
    homestead-7: Warning: Remote connection disconnect. Retrying...
    homestead-7: Warning: Connection aborted. Retrying...
    homestead-7: Warning: Remote connection disconnect. Retrying...
    homestead-7: Warning: Connection aborted. Retrying...
    homestead-7: Warning: Remote connection disconnect. Retrying...
    homestead-7: Warning: Connection aborted. Retrying...
    homestead-7: Warning: Remote connection disconnect. Retrying...
    homestead-7: Warning: Connection aborted. Retrying...
    homestead-7: Warning: Remote connection disconnect. Retrying...
    homestead-7: Warning: Connection aborted. Retrying...
==> homestead-7: Machine booted and ready!
==> homestead-7: Checking for guest additions in VM...
    homestead-7: The guest additions on this VM do not match the installed version of
    homestead-7: VirtualBox! In most cases this is fine, but in rare cases it can
    homestead-7: prevent things such as shared folders from working properly. If you see
    homestead-7: shared folder errors, please make sure the guest additions within the
    homestead-7: virtual machine match the version of VirtualBox you have installed on
    homestead-7: your host and reload your VM.
    homestead-7:
    homestead-7: Guest Additions Version: 5.0.18_Ubuntu r106667
    homestead-7: VirtualBox Version: 5.1
==> homestead-7: Setting hostname...
==> homestead-7: Configuring and enabling network interfaces...
==> homestead-7: Mounting shared folders...
    homestead-7: /vagrant => C:/Users/User/Homestead
    homestead-7: /home/vagrant/Code => D:/Code
    homestead-7: /home/vagrant/Code/phpmyadmin => D:/Code/phpmyadmin
==> homestead-7: Machine already provisioned. Run `vagrant provision` or use the `--provision`
==> homestead-7: flag to force provisioning. Provisioners marked to run always will still run.

User@SMIT-BLR-017 MINGW64 ~/Homestead (master)
$ vagrant reload --provision
==> homestead-7: Attempting graceful shutdown of VM...
==> homestead-7: Checking if box 'laravel/homestead' is up to date...
==> homestead-7: There was a problem while downloading the metadata for your box
==> homestead-7: to check for updates. This is not an error, since it is usually due
==> homestead-7: to temporary network problems. This is just a warning. The problem
==> homestead-7: encountered was:
==> homestead-7:
==> homestead-7: The requested URL returned error: 404 Not Found
==> homestead-7:
==> homestead-7: If you want to check for box updates, verify your network connection
==> homestead-7: is valid and try again.
==> homestead-7: Clearing any previously set forwarded ports...
==> homestead-7: Clearing any previously set network interfaces...
==> homestead-7: Preparing network interfaces based on configuration...
    homestead-7: Adapter 1: nat
    homestead-7: Adapter 2: hostonly
==> homestead-7: Forwarding ports...
    homestead-7: 80 (guest) => 8000 (host) (adapter 1)
    homestead-7: 443 (guest) => 44300 (host) (adapter 1)
    homestead-7: 3306 (guest) => 33060 (host) (adapter 1)
    homestead-7: 4040 (guest) => 4040 (host) (adapter 1)
    homestead-7: 5432 (guest) => 54320 (host) (adapter 1)
    homestead-7: 8025 (guest) => 8025 (host) (adapter 1)
    homestead-7: 27017 (guest) => 27017 (host) (adapter 1)
    homestead-7: 22 (guest) => 2222 (host) (adapter 1)
==> homestead-7: Running 'pre-boot' VM customizations...
==> homestead-7: Booting VM...
==> homestead-7: Waiting for machine to boot. This may take a few minutes...
    homestead-7: SSH address: 127.0.0.1:2222
    homestead-7: SSH username: vagrant
    homestead-7: SSH auth method: private key
    homestead-7: Warning: Connection reset. Retrying...
    homestead-7: Warning: Connection aborted. Retrying...
    homestead-7: Warning: Remote connection disconnect. Retrying...
    homestead-7: Warning: Connection aborted. Retrying...
    homestead-7: Warning: Remote connection disconnect. Retrying...
    homestead-7: Warning: Connection aborted. Retrying...
    homestead-7: Warning: Remote connection disconnect. Retrying...
    homestead-7: Warning: Connection aborted. Retrying...
    homestead-7: Warning: Remote connection disconnect. Retrying...
    homestead-7: Warning: Connection aborted. Retrying...
    homestead-7: Warning: Remote connection disconnect. Retrying...
    homestead-7: Warning: Connection aborted. Retrying...
    homestead-7: Warning: Remote connection disconnect. Retrying...
    homestead-7: Warning: Connection aborted. Retrying...
    homestead-7: Warning: Connection reset. Retrying...
    homestead-7: Warning: Connection aborted. Retrying...
    homestead-7: Warning: Connection reset. Retrying...
    homestead-7: Warning: Connection aborted. Retrying...
==> homestead-7: Machine booted and ready!
==> homestead-7: Checking for guest additions in VM...
    homestead-7: The guest additions on this VM do not match the installed version of
    homestead-7: VirtualBox! In most cases this is fine, but in rare cases it can
    homestead-7: prevent things such as shared folders from working properly. If you see
    homestead-7: shared folder errors, please make sure the guest additions within the
    homestead-7: virtual machine match the version of VirtualBox you have installed on
    homestead-7: your host and reload your VM.
    homestead-7:
    homestead-7: Guest Additions Version: 5.0.18_Ubuntu r106667
    homestead-7: VirtualBox Version: 5.1
==> homestead-7: Setting hostname...
==> homestead-7: Configuring and enabling network interfaces...
==> homestead-7: Mounting shared folders...
    homestead-7: /vagrant => C:/Users/User/Homestead
    homestead-7: /home/vagrant/Code => D:/Code
    homestead-7: /home/vagrant/Code/phpmyadmin => D:/Code/phpmyadmin
==> homestead-7: Running provisioner: file...
==> homestead-7: Running provisioner: shell...
    homestead-7: Running: inline script
==> homestead-7: Running provisioner: shell...
    homestead-7: Running: inline script
==> homestead-7: Running provisioner: shell...
    homestead-7: Running: inline script
==> homestead-7: Running provisioner: shell...
    homestead-7: Running: C:/Users/User/AppData/Local/Temp/vagrant-shell20180215-9080-lg7jd0.sh
==> homestead-7: Running provisioner: shell...
    homestead-7: Running: script: Creating Certificate: auth.app
==> homestead-7: Running provisioner: shell...
    homestead-7: Running: script: Creating Site: auth.app
==> homestead-7: Running provisioner: shell...
    homestead-7: Running: script: Checking for old Schedule
==> homestead-7: Running provisioner: shell...
    homestead-7: Running: script: Creating Certificate: ushopterminalapi.app
==> homestead-7: Running provisioner: shell...
    homestead-7: Running: script: Creating Site: ushopterminalapi.app
==> homestead-7: Running provisioner: shell...
    homestead-7: Running: script: Checking for old Schedule
==> homestead-7: Running provisioner: shell...
    homestead-7: Running: script: Creating Certificate: ushopterminalapi.test
==> homestead-7: Running provisioner: shell...
    homestead-7: Running: script: Creating Site: ushopterminalapi.test
==> homestead-7: Running provisioner: shell...
    homestead-7: Running: script: Checking for old Schedule
==> homestead-7: Running provisioner: shell...
    homestead-7: Running: script: Creating Certificate: wp-hr.api
==> homestead-7: Running provisioner: shell...
    homestead-7: Running: script: Creating Site: wp-hr.api
==> homestead-7: Running provisioner: shell...
    homestead-7: Running: script: Checking for old Schedule
==> homestead-7: Running provisioner: shell...
    homestead-7: Running: script: Creating Certificate: phpmyadmin.app
==> homestead-7: Running provisioner: shell...
    homestead-7: Running: script: Creating Site: phpmyadmin.app
==> homestead-7: Running provisioner: shell...
    homestead-7: Running: script: Checking for old Schedule
==> homestead-7: Running provisioner: shell...
    homestead-7: Running: script: Creating Certificate: wallpost-erp.dev
==> homestead-7: Running provisioner: shell...
    homestead-7: Running: script: Creating Site: wallpost-erp.dev
==> homestead-7: Running provisioner: shell...
    homestead-7: Running: script: Checking for old Schedule
==> homestead-7: Running provisioner: shell...
    homestead-7: Running: script: Creating Certificate: demo.app
==> homestead-7: Running provisioner: shell...
    homestead-7: Running: script: Creating Site: demo.app
==> homestead-7: Running provisioner: shell...
    homestead-7: Running: script: Checking for old Schedule
==> homestead-7: Running provisioner: shell...
    homestead-7: Running: script: Restarting Cron
==> homestead-7: Running provisioner: shell...
    homestead-7: Running: script: Restarting Nginx
==> homestead-7: Running provisioner: shell...
    homestead-7: Running: script: Creating MySQL Database: homestead
==> homestead-7: Running provisioner: shell...
    homestead-7: Running: script: Creating Postgres Database: homestead
==> homestead-7: Running provisioner: shell...
    homestead-7: Running: script: Clear Variables
==> homestead-7: Running provisioner: shell...
    homestead-7: Running: script: Update Composer
==> homestead-7: You are running composer as "root", while "/home/vagrant/.composer" is owned by "vagrant"
==> homestead-7: You are already using composer version 1.6.3 (stable channel).
==> homestead-7: Running provisioner: shell...
    homestead-7: Running: C:/Users/User/AppData/Local/Temp/vagrant-shell20180215-9080-3zvb11.sh
==> homestead-7: Running provisioner: shell...
    homestead-7: Running: C:/Users/User/AppData/Local/Temp/vagrant-shell20180215-9080-usi5zf.sh

User@SMIT-BLR-017 MINGW64 ~/Homestead (master)
$ vagrant ssh
Welcome to Ubuntu 16.04.3 LTS (GNU/Linux 4.4.0-101-generic x86_64)

 * Documentation:  https://help.ubuntu.com
 * Management:     https://landscape.canonical.com
 * Support:        https://ubuntu.com/advantage

172 packages can be updated.
64 updates are security updates.


Last login: Thu Feb 15 12:31:08 2018 from 10.0.2.2
vagrant@homestead:~$ php artisan migrate
Could not open input file: artisan
vagrant@homestead:~$ cd Code/blog-laravel
vagrant@homestead:~/Code/blog-laravel$ php artisan migrate
**************************************
*     Application In Production!     *
**************************************

 Do you really wish to run this command? (yes/no) [no]:
 > yes

Migration table created successfully.
Migrating: 2014_10_12_000000_create_users_table
Migrated:  2014_10_12_000000_create_users_table
Migrating: 2014_10_12_100000_create_password_resets_table
Migrated:  2014_10_12_100000_create_password_resets_table
Migrating: 2017_06_01_094338_create_posts_table
Migrated:  2017_06_01_094338_create_posts_table
Migrating: 2017_06_06_095146_create_comments_table
Migrated:  2017_06_06_095146_create_comments_table
Migrating: 2017_06_09_130601_create_tags_table
Migrated:  2017_06_09_130601_create_tags_table
vagrant@homestead:~/Code/blog-laravel$
